// Jest Snapshot v1, https://goo.gl/fbAQLP

exports[`renders and matches our snapshot 1`] = `
<div
  className="PhotoContainer"
>
  <img
    src={
      Object {
        "process": [Function],
      }
    }
  />
  <p>
    A lie is like a cat: You need to stop it before it gets out the door or it’s really hard to catch.
  </p>
</div>
`;
