// Jest Snapshot v1, https://goo.gl/fbAQLP

exports[`PhotoContainer renders and matches our snapshot 1`] = `
<div
  className="PhotoContainer"
>
  <div
    className="User"
  >
    <img
      className="Avatar"
      src={
        Object {
          "process": [Function],
        }
      }
    />
    <div
      className="Username"
    >
      heacan
    </div>
  </div>
  <img
    className="Image"
    src={
      Object {
        "process": [Function],
      }
    }
  />
  <i
    className="fa fa-heart"
    id="Click-like"
    onClick={[Function]}
  >
    true
  </i>
  <span
    className="Likes"
  >
    53
  </span>
  <div
    className="Description"
  >
    A lie is like a cat: You need to stop it before it gets out the door or it’s really hard to catch.
  </div>
</div>
`;
